<html>
<body>
<pre>
<h1>µVision Build Log</h1>
<h2>Tool Versions:</h2>
IDE-Version: ¦ÌVision V5.25.2.0
Copyright (C) 2018 ARM Ltd and ARM Germany GmbH. All rights reserved.
License Information: chaohua HARA, hahah, LIC=----
 
Tool Versions:
Toolchain:       MDK-Lite  Version: 5.25.2.0
Toolchain Path:  e:\Keil_v5\ARM\ARMCC\Bin
C Compiler:      Armcc.exe V5.06 update 6 (build 750)
Assembler:       Armasm.exe V5.06 update 6 (build 750)
Linker/Locator:  ArmLink.exe V5.06 update 6 (build 750)
Library Manager: ArmAr.exe V5.06 update 6 (build 750)
Hex Converter:   FromElf.exe V5.06 update 6 (build 750)
CPU DLL:         SARMCM3.DLL V5.25.2.0
Dialog DLL:      DARMCM1.DLL V1.19.1.0
Target DLL:      Segger\JL2CM3.dll V2.99.29.0
Dialog DLL:      TARMCM1.DLL V1.14.0.0
 
<h2>Project:</h2>
F:\WorkSpace_2018\Location\FOC_TEST\t_HDD\MDK-ARM\t_HDD.uvprojx
Project File Date:  07/21/2018

<h2>Output:</h2>
*** Using Compiler 'V5.06 update 6 (build 750)', folder: 'e:\Keil_v5\ARM\ARMCC\Bin'
Build target 't_HDD'
assembling startup_stm32f031x6.s...
compiling motorcontrol.c...
compiling mc_config.c...
compiling motor_control_protocol.c...
compiling mc_api.c...
compiling main.c...
compiling stm32f0xx_mc_it.c...
compiling mc_tasks.c...
compiling stm32f0xx_hal_msp.c...
compiling stm32f0xx_it.c...
compiling mc_parameters.c...
compiling stm32f0xx_hal_adc_ex.c...
compiling stm32f0xx_hal_adc.c...
compiling ui_task.c...
compiling user_interface.c...
compiling stm32f0xx_hal_uart_ex.c...
compiling stm32f0xx_hal_tim_ex.c...
compiling stm32f0xx_hal_uart.c...
compiling stm32f0xx_hal_tim.c...
compiling stm32f0xx_hal_rcc.c...
compiling stm32f0xx_hal_rcc_ex.c...
compiling stm32f0xx_hal.c...
compiling stm32f0xx_hal_i2c_ex.c...
compiling stm32f0xx_hal_gpio.c...
compiling stm32f0xx_hal_pwr.c...
compiling stm32f0xx_hal_dma.c...
compiling stm32f0xx_hal_cortex.c...
compiling stm32f0xx_hal_pwr_ex.c...
compiling stm32f0xx_hal_i2c.c...
compiling stm32f0xx_hal_flash.c...
compiling stm32f0xx_hal_flash_ex.c...
compiling system_stm32f0xx.c...
compiling circle_limitation.c...
compiling Timebase.c...
compiling bus_voltage_sensor.c...
compiling digital_output.c...
compiling mc_math.c...
compiling mc_interface.c...
compiling motor_power_measurement.c...
compiling ntc_temperature_sensor.c...
compiling open_loop.c...
compiling pqd_motor_power_measurement.c...
compiling pid_regulator.c...
compiling pwm_curr_fdbk.c...
compiling speed_pos_fdbk.c...
compiling ramp_ext_mngr.c...
compiling speed_torq_ctrl.c...
compiling state_machine.c...
compiling virtual_bus_voltage_sensor.c...
compiling virtual_speed_sensor.c...
compiling frame_communication_protocol.c...
compiling ui_irq_handler.c...
compiling r3_f0xx_pwm_curr_fdbk.c...
compiling usart_frame_communication_protocol.c...
linking...
Program Size: Code=23540 RO-data=848 RW-data=1864 ZI-data=1696  
FromELF: creating hex file...
"t_HDD\t_HDD.axf" - 0 Error(s), 0 Warning(s).

<h2>Software Packages used:</h2>

Package Vendor: ARM
                http://www.keil.com/pack/ARM.CMSIS.5.3.0.pack
                ARM.CMSIS.5.3.0
                CMSIS (Cortex Microcontroller Software Interface Standard)
   * Component: CORE Version: 5.1.1

Package Vendor: Keil
                http://www.keil.com/pack/Keil.STM32F0xx_DFP.2.0.0.pack
                Keil.STM32F0xx_DFP.2.0.0
                STMicroelectronics STM32F0 Series Device Support, Drivers and Examples

<h2>Collection of Component include folders:</h2>
  .\RTE\_t_HDD
  e:\Keil_v5\ARM\PACK\ARM\CMSIS\5.3.0\CMSIS\Include
  e:\Keil_v5\ARM\PACK\Keil\STM32F0xx_DFP\2.0.0\Drivers\CMSIS\Device\ST\STM32F0xx\Include

<h2>Collection of Component Files used:</h2>

   * Component: ARM::CMSIS:CORE:5.1.1
Build Time Elapsed:  00:00:14
</pre>
</body>
</html>
